http://licence-info.univ-lyon1.fr/
http://offre-de-formations.univ-lyon1.fr/parcours-12/informatique.html
https://fst-informatique.univ-lyon1.fr/formation/candidatures/candidatures-695727.kjsp
https://ecandidat.univ-lyon1.fr/
http://licence-info.univ-lyon1.fr
http://offre-de-formations.univ-lyon1.fr/ue-296-12/reseaux.html
http://offre-de-formations.univ-lyon1.fr/ue-292-12/algorithmique,-programmation-et-complexite.html
http://offre-de-formations.univ-lyon1.fr/ue-12086-12/logique-classique.html
http://offre-de-formations.univ-lyon1.fr/ue-8163-12/theorie-des-languages-formels.html
http://offre-de-formations.univ-lyon1.fr/ue-16650-12/transversale-5.html
http://offre-de-formations.univ-lyon1.fr/ue-16374-12/base-de-donnees-avancees.html
http://offre-de-formations.univ-lyon1.fr/ue-295-12/algorithmique-et-programmation-orientee-objet.html
http://offre-de-formations.univ-lyon1.fr/ue-8160-12/analyse-de-donnees.html
http://offre-de-formations.univ-lyon1.fr/ue-16377-12/projet-informatique.html
http://offre-de-formations.univ-lyon1.fr/ue-16371-12/stage-de-decouverte-de-l-informatique-en-entreprises.html
http://offre-de-formations.univ-lyon1.fr/ue-16381-12/trip-:-rechercher-un-stage,-un-emploi.html
http://offre-de-formations.univ-lyon1.fr/ue-16375-12/programmation-concurrente.html
